Archive member included to satisfy reference by file (symbol)

/usr/bin/../lib/gcc/arm-none-eabi/5.4.1/../../../../arm-none-eabi/lib/armv7e-m/fpu/libc_nano.a(lib_a-exit.o)
                              /usr/bin/../lib/gcc/arm-none-eabi/5.4.1/../../../../arm-none-eabi/lib/armv7e-m/fpu/crt0.o (exit)
/usr/bin/../lib/gcc/arm-none-eabi/5.4.1/../../../../arm-none-eabi/lib/armv7e-m/fpu/libc_nano.a(lib_a-impure.o)
                              /usr/bin/../lib/gcc/arm-none-eabi/5.4.1/../../../../arm-none-eabi/lib/armv7e-m/fpu/libc_nano.a(lib_a-exit.o) (_global_impure_ptr)
/usr/bin/../lib/gcc/arm-none-eabi/5.4.1/../../../../arm-none-eabi/lib/armv7e-m/fpu/libc_nano.a(lib_a-init.o)
                              /usr/bin/../lib/gcc/arm-none-eabi/5.4.1/../../../../arm-none-eabi/lib/armv7e-m/fpu/crt0.o (__libc_init_array)
/usr/bin/../lib/gcc/arm-none-eabi/5.4.1/../../../../arm-none-eabi/lib/armv7e-m/fpu/libc_nano.a(lib_a-memset.o)
                              /usr/bin/../lib/gcc/arm-none-eabi/5.4.1/../../../../arm-none-eabi/lib/armv7e-m/fpu/crt0.o (memset)
/usr/bin/../lib/gcc/arm-none-eabi/5.4.1/../../../../arm-none-eabi/lib/armv7e-m/fpu/libnosys.a(_exit.o)
                              /usr/bin/../lib/gcc/arm-none-eabi/5.4.1/../../../../arm-none-eabi/lib/armv7e-m/fpu/libc_nano.a(lib_a-exit.o) (_exit)
/usr/bin/../lib/gcc/arm-none-eabi/5.4.1/../../../../arm-none-eabi/lib/armv7e-m/fpu/libc_nano.a(lib_a-memcpy-stub.o)
                              _build/app_scheduler.o (memcpy)
/usr/bin/../lib/gcc/arm-none-eabi/5.4.1/../../../../arm-none-eabi/lib/armv7e-m/fpu/libc_nano.a(lib_a-strlen.o)
                              _build/ble_srv_common.o (strlen)

Allocating common symbols
Common symbol       size              file

nrf_nvic_state      0xc               _build/softdevice_handler.o

Discarded input sections

 .text          0x0000000000000000        0x0 /usr/bin/../lib/gcc/arm-none-eabi/5.4.1/armv7e-m/fpu/crti.o
 .data          0x0000000000000000        0x0 /usr/bin/../lib/gcc/arm-none-eabi/5.4.1/armv7e-m/fpu/crti.o
 .bss           0x0000000000000000        0x0 /usr/bin/../lib/gcc/arm-none-eabi/5.4.1/armv7e-m/fpu/crti.o
 .data          0x0000000000000000        0x4 /usr/bin/../lib/gcc/arm-none-eabi/5.4.1/armv7e-m/fpu/crtbegin.o
 .data          0x0000000000000000        0x0 /usr/bin/../lib/gcc/arm-none-eabi/5.4.1/../../../../arm-none-eabi/lib/armv7e-m/fpu/crt0.o
 .bss           0x0000000000000000        0x0 /usr/bin/../lib/gcc/arm-none-eabi/5.4.1/../../../../arm-none-eabi/lib/armv7e-m/fpu/crt0.o
 .ARM.extab     0x0000000000000000        0x0 /usr/bin/../lib/gcc/arm-none-eabi/5.4.1/../../../../arm-none-eabi/lib/armv7e-m/fpu/crt0.o
 .text          0x0000000000000000        0x0 /usr/bin/../lib/gcc/arm-none-eabi/5.4.1/../../../../arm-none-eabi/lib/armv7e-m/fpu/libc_nano.a(lib_a-exit.o)
 .data          0x0000000000000000        0x0 /usr/bin/../lib/gcc/arm-none-eabi/5.4.1/../../../../arm-none-eabi/lib/armv7e-m/fpu/libc_nano.a(lib_a-exit.o)
 .bss           0x0000000000000000        0x0 /usr/bin/../lib/gcc/arm-none-eabi/5.4.1/../../../../arm-none-eabi/lib/armv7e-m/fpu/libc_nano.a(lib_a-exit.o)
 .text          0x0000000000000000        0x0 /usr/bin/../lib/gcc/arm-none-eabi/5.4.1/../../../../arm-none-eabi/lib/armv7e-m/fpu/libc_nano.a(lib_a-impure.o)
 .data          0x0000000000000000        0x0 /usr/bin/../lib/gcc/arm-none-eabi/5.4.1/../../../../arm-none-eabi/lib/armv7e-m/fpu/libc_nano.a(lib_a-impure.o)
 .bss           0x0000000000000000        0x0 /usr/bin/../lib/gcc/arm-none-eabi/5.4.1/../../../../arm-none-eabi/lib/armv7e-m/fpu/libc_nano.a(lib_a-impure.o)
 .data._impure_ptr
                0x0000000000000000        0x4 /usr/bin/../lib/gcc/arm-none-eabi/5.4.1/../../../../arm-none-eabi/lib/armv7e-m/fpu/libc_nano.a(lib_a-impure.o)
 .text          0x0000000000000000        0x0 /usr/bin/../lib/gcc/arm-none-eabi/5.4.1/../../../../arm-none-eabi/lib/armv7e-m/fpu/libc_nano.a(lib_a-init.o)
 .data          0x0000000000000000        0x0 /usr/bin/../lib/gcc/arm-none-eabi/5.4.1/../../../../arm-none-eabi/lib/armv7e-m/fpu/libc_nano.a(lib_a-init.o)
 .bss           0x0000000000000000        0x0 /usr/bin/../lib/gcc/arm-none-eabi/5.4.1/../../../../arm-none-eabi/lib/armv7e-m/fpu/libc_nano.a(lib_a-init.o)
 .text          0x0000000000000000        0x0 /usr/bin/../lib/gcc/arm-none-eabi/5.4.1/../../../../arm-none-eabi/lib/armv7e-m/fpu/libc_nano.a(lib_a-memset.o)
 .data          0x0000000000000000        0x0 /usr/bin/../lib/gcc/arm-none-eabi/5.4.1/../../../../arm-none-eabi/lib/armv7e-m/fpu/libc_nano.a(lib_a-memset.o)
 .bss           0x0000000000000000        0x0 /usr/bin/../lib/gcc/arm-none-eabi/5.4.1/../../../../arm-none-eabi/lib/armv7e-m/fpu/libc_nano.a(lib_a-memset.o)
 .text          0x0000000000000000        0x0 /usr/bin/../lib/gcc/arm-none-eabi/5.4.1/../../../../arm-none-eabi/lib/armv7e-m/fpu/libnosys.a(_exit.o)
[...]
Memory Configuration

Name             Origin             Length             Attributes
FLASH            0x000000000007a000 0x0000000000004000 xr
RAM              0x0000000020002c00 0x0000000000005380 xrw
NOINIT           0x0000000020007f80 0x0000000000000080 xrw
BOOTLOADER_SETTINGS 0x000000000007f000 0x0000000000001000 rw
UICR_BOOTLOADER  0x0000000010001014 0x0000000000000004 r
MBR_PARAMS_PAGE  0x000000000007e000 0x0000000000001000 rw
UICR_MBR_PARAM_PAGE 0x0000000010001018 0x0000000000000004 r
*default*        0x0000000000000000 0xffffffffffffffff

Linker script and memory map

LOAD /usr/bin/../lib/gcc/arm-none-eabi/5.4.1/armv7e-m/fpu/crti.o
LOAD /usr/bin/../lib/gcc/arm-none-eabi/5.4.1/armv7e-m/fpu/crtbegin.o
LOAD /usr/bin/../lib/gcc/arm-none-eabi/5.4.1/../../../../arm-none-eabi/lib/armv7e-m/fpu/crt0.o
LOAD /usr/bin/../lib/gcc/arm-none-eabi/5.4.1/../../../../arm-none-eabi/lib/armv7e-m/fpu/libc_nano.a
LOAD /usr/bin/../lib/gcc/arm-none-eabi/5.4.1/../../../../arm-none-eabi/lib/armv7e-m/fpu/libnosys.a
LOAD _build/app_error.o
LOAD _build/app_error_weak.o
LOAD _build/app_scheduler.o
LOAD _build/app_timer.o
LOAD _build/app_timer_appsh.o
LOAD _build/app_util_platform.o
LOAD _build/bootloader.o
LOAD _build/bootloader_settings.o
LOAD _build/bootloader_util.o
LOAD _build/crc16.o
LOAD _build/dfu_dual_bank.o
LOAD _build/dfu_init_template.o
LOAD _build/dfu_transport_serial.o
LOAD _build/hci_mem_pool.o
LOAD _build/hci_slip.o
LOAD _build/hci_transport.o
LOAD _build/nrf_assert.o
LOAD _build/app_uart.o
LOAD _build/nrf_delay.o
LOAD _build/nrf_drv_common.o
LOAD _build/nrf_drv_uart.o
LOAD _build/pstorage_raw.o
LOAD _build/main.o
LOAD _build/ble_advdata.o
LOAD _build/ble_conn_params.o
LOAD _build/ble_srv_common.o
LOAD _build/system_nrf52.o
LOAD _build/softdevice_handler.o
LOAD _build/softdevice_handler_appsh.o
LOAD _build/gcc_startup_nrf52.o
LOAD /usr/bin/../lib/gcc/arm-none-eabi/5.4.1/../../../../arm-none-eabi/lib/armv7e-m/fpu/libm.a
START GROUP
LOAD /usr/bin/../lib/gcc/arm-none-eabi/5.4.1/armv7e-m/fpu/libgcc.a
LOAD /usr/bin/../lib/gcc/arm-none-eabi/5.4.1/../../../../arm-none-eabi/lib/armv7e-m/fpu/libc_nano.a
END GROUP
START GROUP
LOAD /usr/bin/../lib/gcc/arm-none-eabi/5.4.1/armv7e-m/fpu/libgcc.a
LOAD /usr/bin/../lib/gcc/arm-none-eabi/5.4.1/../../../../arm-none-eabi/lib/armv7e-m/fpu/libc_nano.a
END GROUP
LOAD /usr/bin/../lib/gcc/arm-none-eabi/5.4.1/armv7e-m/fpu/crtend.o
LOAD /usr/bin/../lib/gcc/arm-none-eabi/5.4.1/armv7e-m/fpu/crtn.o
START GROUP
LOAD /usr/bin/../lib/gcc/arm-none-eabi/5.4.1/armv7e-m/fpu/libgcc.a
LOAD /usr/bin/../lib/gcc/arm-none-eabi/5.4.1/../../../../arm-none-eabi/lib/armv7e-m/fpu/libc.a
LOAD /usr/bin/../lib/gcc/arm-none-eabi/5.4.1/../../../../arm-none-eabi/lib/armv7e-m/fpu/libnosys.a
END GROUP

.fs_data_out    0x0000000000000000        0x0
                [!provide]                        PROVIDE (__start_fs_data, .)
 *(fs_data)
                [!provide]                        PROVIDE (__stop_fs_data, .)

.bootloaderSettings
                0x000000000007f000     0x1000
 .bootloaderSettings
                0x000000000007f000     0x1000 _build/bootloader_settings.o
                0x000000000007f000                m_boot_settings

.uicrBootStartAddress
                0x0000000010001014        0x4
 *(.uicrBootStartAddress)
 .uicrBootStartAddress
                0x0000000010001014        0x4 _build/bootloader_settings.o
                0x0000000010001014                m_uicr_bootloader_start_address

.mbrParamsPage

.uicrMbrParamsPageAddress
                0x0000000010001018        0x4
 *(.uicrMbrParamsPageAddress)
 .uicrMbrParamsPageAddress
                0x0000000010001018        0x4 _build/bootloader_settings.o
                0x0000000010001018                m_uicr_mbr_params_page_address

.noinit

.text           0x000000000007a000     0x37e4
 *(.isr_vector)
 .isr_vector    0x000000000007a000      0x400 _build/gcc_startup_nrf52.o
                0x000000000007a000                __isr_vector
 *(.text*)
 .text          0x000000000007a400       0x5c /usr/bin/../lib/gcc/arm-none-eabi/5.4.1/armv7e-m/fpu/crtbegin.o
 .text          0x000000000007a45c       0x74 /usr/bin/../lib/gcc/arm-none-eabi/5.4.1/../../../../arm-none-eabi/lib/armv7e-m/fpu/crt0.o
                0x000000000007a45c                _mainCRTStartup
                0x000000000007a45c                _start
 .text.exit     0x000000000007a4d0       0x28 /usr/bin/../lib/gcc/arm-none-eabi/5.4.1/../../../../arm-none-eabi/lib/armv7e-m/fpu/libc_nano.a(lib_a-exit.o)
                0x000000000007a4d0                exit
 .text.__libc_init_array
                0x000000000007a4f8       0x4c /usr/bin/../lib/gcc/arm-none-eabi/5.4.1/../../../../arm-none-eabi/lib/armv7e-m/fpu/libc_nano.a(lib_a-init.o)
                0x000000000007a4f8                __libc_init_array
 .text.memset   0x000000000007a544       0x10 /usr/bin/../lib/gcc/arm-none-eabi/5.4.1/../../../../arm-none-eabi/lib/armv7e-m/fpu/libc_nano.a(lib_a-memset.o)
                0x000000000007a544                memset
 .text._exit    0x000000000007a554        0x4 /usr/bin/../lib/gcc/arm-none-eabi/5.4.1/../../../../arm-none-eabi/lib/armv7e-m/fpu/libnosys.a(_exit.o)
                0x000000000007a554                _exit
 .text.app_error_handler_bare
                0x000000000007a558       0x1c _build/app_error.o
                0x000000000007a558                app_error_handler_bare
 .text.app_error_fault_handler
                0x000000000007a574       0x24 _build/app_error_weak.o
                0x000000000007a574                app_error_fault_handler
 .text.app_sched_init
                0x000000000007a598       0x48 _build/app_scheduler.o
                0x000000000007a598                app_sched_init
 .text.app_sched_event_put
                0x000000000007a5e0       0xcc _build/app_scheduler.o
                0x000000000007a5e0                app_sched_event_put
 .text.app_sched_execute
                0x000000000007a6ac       0x64 _build/app_scheduler.o
                0x000000000007a6ac                app_sched_execute
 .text.rtc1_stop
                0x000000000007a710      0x134 _build/app_timer.o
 .text.user_op_alloc
                0x000000000007a844       0x28 _build/app_timer.o
 .text.user_id_get
                0x000000000007a86c       0x48 _build/app_timer.o
 .text.RTC1_IRQHandler
                0x000000000007a8b4       0xc0 _build/app_timer.o
                0x000000000007a8b4                RTC1_IRQHandler
 .text.SWI0_EGU0_IRQHandler
                0x000000000007a974      0x460 _build/app_timer.o
                0x000000000007a974                SWI0_EGU0_IRQHandler
 .text.app_timer_init
                0x000000000007add4       0xb0 _build/app_timer.o
                0x000000000007add4                app_timer_init
 .text.app_timer_create
                0x000000000007ae84       0x24 _build/app_timer.o
                0x000000000007ae84                app_timer_create
 .text.app_timer_start
                0x000000000007aea8       0x80 _build/app_timer.o
                0x000000000007aea8                app_timer_start
 .text.app_timer_stop
                0x000000000007af28       0x54 _build/app_timer.o
                0x000000000007af28                app_timer_stop
 .text.app_timer_evt_get
                0x000000000007af7c       0x18 _build/app_timer_appsh.o
 .text.app_timer_evt_schedule
                0x000000000007af94       0x1c _build/app_timer_appsh.o
                0x000000000007af94                app_timer_evt_schedule
 .text.app_util_critical_region_enter
                0x000000000007afb0       0x4c _build/app_util_platform.o
                0x000000000007afb0                app_util_critical_region_enter
 .text.app_util_critical_region_exit
                0x000000000007affc       0x2c _build/app_util_platform.o
                0x000000000007affc                app_util_critical_region_exit
 .text.sd_app_evt_wait
                0x000000000007b028        0x4 _build/bootloader.o
 .text.sd_softdevice_disable
                0x000000000007b02c        0x4 _build/bootloader.o
 .text.sd_softdevice_vector_table_base_set
                0x000000000007b030        0x4 _build/bootloader.o
 .text.pstorage_callback_handler
                0x000000000007b034       0x20 _build/bootloader.o
 .text.wait_for_events
                0x000000000007b054       0x20 _build/bootloader.o
 .text.bootloader_settings_save.constprop.0
                0x000000000007b074       0x30 _build/bootloader.o
 .text.bootloader_app_is_valid
                0x000000000007b0a4       0x3c _build/bootloader.o
                0x000000000007b0a4                bootloader_app_is_valid
 .text.bootloader_dfu_update_process
                0x000000000007b0e0      0x100 _build/bootloader.o
                0x000000000007b0e0                bootloader_dfu_update_process
 .text.bootloader_init
                0x000000000007b1e0       0x30 _build/bootloader.o
                0x000000000007b1e0                bootloader_init
 .text.bootloader_dfu_start
                0x000000000007b210       0x16 _build/bootloader.o
                0x000000000007b210                bootloader_dfu_start
 *fill*         0x000000000007b226        0x2 
 .text.bootloader_app_start
                0x000000000007b228       0x48 _build/bootloader.o
                0x000000000007b228                bootloader_app_start
 .text.bootloader_dfu_sd_in_progress
                0x000000000007b270       0x24 _build/bootloader.o
                0x000000000007b270                bootloader_dfu_sd_in_progress
 .text.bootloader_dfu_sd_update_continue
                0x000000000007b294       0x3e _build/bootloader.o
                0x000000000007b294                bootloader_dfu_sd_update_continue
 .text.bootloader_dfu_sd_update_finalize
                0x000000000007b2d2       0x2c _build/bootloader.o
                0x000000000007b2d2                bootloader_dfu_sd_update_finalize
 .text.bootloader_settings_get
                0x000000000007b2fe       0x30 _build/bootloader.o
                0x000000000007b2fe                bootloader_settings_get
 *fill*         0x000000000007b32e        0x2 
 .text.bootloader_util_settings_get
                0x000000000007b330        0xc _build/bootloader_settings.o
                0x000000000007b330                bootloader_util_settings_get
 .text.bootloader_util_app_start
                0x000000000007b33c       0x3c _build/bootloader_util.o
                0x000000000007b33c                bootloader_util_app_start
 .text.crc16_compute
                0x000000000007b378       0x36 _build/crc16.o
                0x000000000007b378                crc16_compute
 .text.sd_mbr_command
                0x000000000007b3ae        0x4 _build/dfu_dual_bank.o
 .text.dfu_cleared_func_swap
                0x000000000007b3b2        0x2 _build/dfu_dual_bank.o
 .text.pstorage_callback_handler
                0x000000000007b3b4       0x64 _build/dfu_dual_bank.o
 .text.dfu_timeout_handler
                0x000000000007b418       0x28 _build/dfu_dual_bank.o
 .text.dfu_activate_bl
                0x000000000007b440       0x3c _build/dfu_dual_bank.o
 .text.dfu_activate_sd
                0x000000000007b47c       0x40 _build/dfu_dual_bank.o
 .text.dfu_cleared_func_app
                0x000000000007b4bc       0x26 _build/dfu_dual_bank.o
 *fill*         0x000000000007b4e2        0x2 
 .text.dfu_prepare_func_swap_erase
                0x000000000007b4e4       0x40 _build/dfu_dual_bank.o
 .text.dfu_prepare_func_app_erase
                0x000000000007b524       0x34 _build/dfu_dual_bank.o
 .text.dfu_activate_app
                0x000000000007b558       0x68 _build/dfu_dual_bank.o
 .text.dfu_timer_restart
                0x000000000007b5c0       0x3c _build/dfu_dual_bank.o
 .text.dfu_sd_img_block_swap
                0x000000000007b5fc       0x56 _build/dfu_dual_bank.o
 *fill*         0x000000000007b652        0x2 
 .text.dfu_init
                0x000000000007b654       0xa8 _build/dfu_dual_bank.o
                0x000000000007b654                dfu_init
 .text.dfu_register_callback
                0x000000000007b6fc        0xc _build/dfu_dual_bank.o
                0x000000000007b6fc                dfu_register_callback
 .text.dfu_start_pkt_handle
                0x000000000007b708       0xd8 _build/dfu_dual_bank.o
                0x000000000007b708                dfu_start_pkt_handle
 .text.dfu_data_pkt_handle
                0x000000000007b7e0       0x74 _build/dfu_dual_bank.o
                0x000000000007b7e0                dfu_data_pkt_handle
 .text.dfu_init_pkt_complete
                0x000000000007b854       0x40 _build/dfu_dual_bank.o
                0x000000000007b854                dfu_init_pkt_complete
 .text.dfu_init_pkt_handle
                0x000000000007b894       0x64 _build/dfu_dual_bank.o
                0x000000000007b894                dfu_init_pkt_handle
 .text.dfu_image_validate
                0x000000000007b8f8       0x48 _build/dfu_dual_bank.o
                0x000000000007b8f8                dfu_image_validate
 .text.dfu_image_activate
                0x000000000007b940       0x30 _build/dfu_dual_bank.o
                0x000000000007b940                dfu_image_activate
 .text.dfu_sd_image_swap
                0x000000000007b970       0x86 _build/dfu_dual_bank.o
                0x000000000007b970                dfu_sd_image_swap
 .text.dfu_bl_image_swap
                0x000000000007b9f6       0x46 _build/dfu_dual_bank.o
                0x000000000007b9f6                dfu_bl_image_swap
 .text.dfu_bl_image_validate
                0x000000000007ba3c       0x4c _build/dfu_dual_bank.o
                0x000000000007ba3c                dfu_bl_image_validate
 .text.dfu_sd_image_validate
                0x000000000007ba88       0x56 _build/dfu_dual_bank.o
                0x000000000007ba88                dfu_sd_image_validate
 *fill*         0x000000000007bade        0x2 
 .text.dfu_init_prevalidate
                0x000000000007bae0       0x84 _build/dfu_init_template.o
                0x000000000007bae0                dfu_init_prevalidate
 .text.dfu_init_postvalidate
                0x000000000007bb64       0x20 _build/dfu_init_template.o
                0x000000000007bb64                dfu_init_postvalidate
 .text.rpc_transport_event_handler
                0x000000000007bb84       0x88 _build/dfu_transport_serial.o
                0x000000000007bb84                rpc_transport_event_handler
 .text.dfu_cb_handler
                0x000000000007bc0c        0xa _build/dfu_transport_serial.o
 *fill*         0x000000000007bc16        0x2 
 .text.data_queue_element_free.part.0
                0x000000000007bc18       0x38 _build/dfu_transport_serial.o
 .text.process_dfu_packet
                0x000000000007bc50       0x74 _build/dfu_transport_serial.o
 .text.dfu_transport_update_start
                0x000000000007bcc4       0x48 _build/dfu_transport_serial.o
                0x000000000007bcc4                dfu_transport_update_start
 .text.dfu_transport_close
                0x000000000007bd0c       0x22 _build/dfu_transport_serial.o
                0x000000000007bd0c                dfu_transport_close
 *fill*         0x000000000007bd2e        0x2 
 .text.hci_mem_pool_open
                0x000000000007bd30       0x28 _build/hci_mem_pool.o
                0x000000000007bd30                hci_mem_pool_open
 .text.hci_mem_pool_close
                0x000000000007bd58        0x4 _build/hci_mem_pool.o
                0x000000000007bd58                hci_mem_pool_close
 .text.hci_mem_pool_rx_produce
                0x000000000007bd5c       0x54 _build/hci_mem_pool.o
                0x000000000007bd5c                hci_mem_pool_rx_produce
 .text.hci_mem_pool_rx_consume
                0x000000000007bdb0       0x74 _build/hci_mem_pool.o
                0x000000000007bdb0                hci_mem_pool_rx_consume
 .text.hci_mem_pool_rx_data_size_set
                0x000000000007be24       0x20 _build/hci_mem_pool.o
                0x000000000007be24                hci_mem_pool_rx_data_size_set
 .text.hci_mem_pool_rx_extract
                0x000000000007be44       0x44 _build/hci_mem_pool.o
                0x000000000007be44                hci_mem_pool_rx_extract
 .text.handle_slip_end
                0x000000000007be88       0x3c _build/hci_slip.o
 .text.handle_rx_byte_esc
                0x000000000007bec4       0x5c _build/hci_slip.o
 .text.handle_rx_byte_wait_start
                0x000000000007bf20       0x14 _build/hci_slip.o
 .text.send_tx_byte_esc
                0x000000000007bf34       0x1c _build/hci_slip.o
 .text.handle_rx_byte_default
                0x000000000007bf50       0x40 _build/hci_slip.o
 .text.send_tx_byte_default
                0x000000000007bf90       0x24 _build/hci_slip.o
 .text.send_tx_byte_end
                0x000000000007bfb4       0x24 _build/hci_slip.o
 .text.transmit_buffer
                0x000000000007bfd8       0x98 _build/hci_slip.o
 .text.slip_uart_eventhandler
                0x000000000007c070       0x78 _build/hci_slip.o
 .text.send_tx_byte_encoded
                0x000000000007c0e8       0x44 _build/hci_slip.o
 .text.hci_slip_evt_handler_register
                0x000000000007c12c        0xc _build/hci_slip.o
                0x000000000007c12c                hci_slip_evt_handler_register
 .text.hci_slip_open
                0x000000000007c138       0x3c _build/hci_slip.o
                0x000000000007c138                hci_slip_open
 .text.hci_slip_close
                0x000000000007c174       0x10 _build/hci_slip.o
                0x000000000007c174                hci_slip_close
 .text.hci_slip_write
                0x000000000007c184       0x54 _build/hci_slip.o
                0x000000000007c184                hci_slip_write
 .text.hci_slip_rx_buffer_register
                0x000000000007c1d8       0x2c _build/hci_slip.o
                0x000000000007c1d8                hci_slip_rx_buffer_register
 .text.ack_transmit
                0x000000000007c204       0x24 _build/hci_transport.o
 .text.tx_sm_event_handle
                0x000000000007c228       0xd8 _build/hci_transport.o
 .text.slip_event_handle
                0x000000000007c300      0x1a0 _build/hci_transport.o
                0x000000000007c300                slip_event_handle
 .text.hci_transport_timeout_handle
                0x000000000007c4a0        0x6 _build/hci_transport.o
                0x000000000007c4a0                hci_transport_timeout_handle
 *fill*         0x000000000007c4a6        0x2 
 .text.hci_transport_evt_handler_reg
                0x000000000007c4a8       0x28 _build/hci_transport.o
                0x000000000007c4a8                hci_transport_evt_handler_reg
 .text.hci_transport_open
                0x000000000007c4d0       0x8c _build/hci_transport.o
                0x000000000007c4d0                hci_transport_open
 .text.hci_transport_close
                0x000000000007c55c       0x40 _build/hci_transport.o
                0x000000000007c55c                hci_transport_close
 .text.hci_transport_rx_pkt_extract
                0x000000000007c59c       0x38 _build/hci_transport.o
                0x000000000007c59c                hci_transport_rx_pkt_extract
 .text.hci_transport_rx_pkt_consume
                0x000000000007c5d4        0x6 _build/hci_transport.o
                0x000000000007c5d4                hci_transport_rx_pkt_consume
 *fill*         0x000000000007c5da        0x2 
 .text.uart_event_handler
                0x000000000007c5dc       0x60 _build/app_uart.o
                0x000000000007c5dc                uart_event_handler
 .text.app_uart_init
                0x000000000007c63c       0x94 _build/app_uart.o
                0x000000000007c63c                app_uart_init
 .text.app_uart_put
                0x000000000007c6d0       0x24 _build/app_uart.o
                0x000000000007c6d0                app_uart_put
 .text.app_uart_close
                0x000000000007c6f4        0xa _build/app_uart.o
                0x000000000007c6f4                app_uart_close
 .text.nrf_delay_ms
                0x000000000007c6fe       0x92 _build/nrf_delay.o
                0x000000000007c6fe                nrf_delay_ms
 .text.nrf_drv_common_irq_enable
                0x000000000007c790       0x4c _build/nrf_drv_common.o
                0x000000000007c790                nrf_drv_common_irq_enable
 .text.tx_byte  0x000000000007c7dc       0x2c _build/nrf_drv_uart.o
 .text.rx_done_event
                0x000000000007c808       0x24 _build/nrf_drv_uart.o
 .text.tx_done_event
                0x000000000007c82c       0x28 _build/nrf_drv_uart.o
 .text.rx_byte  0x000000000007c854       0x38 _build/nrf_drv_uart.o
 .text.nrf_drv_uart_init
                0x000000000007c88c      0x128 _build/nrf_drv_uart.o
                0x000000000007c88c                nrf_drv_uart_init
 .text.nrf_drv_uart_uninit
                0x000000000007c9b4       0xa8 _build/nrf_drv_uart.o
                0x000000000007c9b4                nrf_drv_uart_uninit
 .text.nrf_drv_uart_tx
                0x000000000007ca5c       0xdc _build/nrf_drv_uart.o
                0x000000000007ca5c                nrf_drv_uart_tx
 .text.nrf_drv_uart_rx
                0x000000000007cb38      0x160 _build/nrf_drv_uart.o
                0x000000000007cb38                nrf_drv_uart_rx
 .text.nrf_drv_uart_rx_enable
                0x000000000007cc98       0x28 _build/nrf_drv_uart.o
                0x000000000007cc98                nrf_drv_uart_rx_enable
 .text.UARTE0_UART0_IRQHandler
                0x000000000007ccc0      0x1d4 _build/nrf_drv_uart.o
                0x000000000007ccc0                UARTE0_UART0_IRQHandler
 .text.sd_flash_write
                0x000000000007ce94        0x4 _build/pstorage_raw.o
 .text.sd_flash_page_erase
                0x000000000007ce98        0x4 _build/pstorage_raw.o
 .text.app_notify
                0x000000000007ce9c       0x28 _build/pstorage_raw.o
 .text.cmd_process
                0x000000000007cec4       0x68 _build/pstorage_raw.o
 .text.cmd_queue_enqueue
                0x000000000007cf2c       0x54 _build/pstorage_raw.o
 .text.pstorage_sys_event_handler
                0x000000000007cf80       0xa8 _build/pstorage_raw.o
                0x000000000007cf80                pstorage_sys_event_handler
 .text.pstorage_init
                0x000000000007d028       0x4c _build/pstorage_raw.o
                0x000000000007d028                pstorage_init
 .text.pstorage_register
                0x000000000007d074       0x28 _build/pstorage_raw.o
                0x000000000007d074                pstorage_register
 .text.pstorage_store
                0x000000000007d09c       0x20 _build/pstorage_raw.o
                0x000000000007d09c                pstorage_store
 .text.pstorage_clear
                0x000000000007d0bc       0x16 _build/pstorage_raw.o
                0x000000000007d0bc                pstorage_clear
 .text.sd_softdevice_vector_table_base_set
                0x000000000007d0d2        0x4 _build/main.o
 .text.sd_mbr_command
                0x000000000007d0d6        0x4 _build/main.o
 *fill*         0x000000000007d0da        0x2 
 .text.ble_stack_init
                0x000000000007d0dc       0x90 _build/main.o
 .text.sys_evt_dispatch
                0x000000000007d16c        0x4 _build/main.o
 .text.scheduler_init
                0x000000000007d170       0x1c _build/main.o
 .text.startup.main
                0x000000000007d18c      0x154 _build/main.o
                0x000000000007d18c                main
 .text.errata_36
                0x000000000007d2e0       0x40 _build/system_nrf52.o
 .text.errata_57
                0x000000000007d320       0x34 _build/system_nrf52.o
 .text.SystemInit
                0x000000000007d354      0x1ec _build/system_nrf52.o
                0x000000000007d354                SystemInit
 .text.sd_evt_get
                0x000000000007d540        0x4 _build/softdevice_handler.o
 .text.sd_softdevice_enable
                0x000000000007d544        0x4 _build/softdevice_handler.o
 .text.sd_ble_enable
                0x000000000007d548        0x4 _build/softdevice_handler.o
 .text.sd_ble_evt_get
                0x000000000007d54c        0x4 _build/softdevice_handler.o
 .text.softdevice_fault_handler
                0x000000000007d550        0x8 _build/softdevice_handler.o
                0x000000000007d550                softdevice_fault_handler
 .text.intern_softdevice_events_execute
                0x000000000007d558       0xa4 _build/softdevice_handler.o
                0x000000000007d558                intern_softdevice_events_execute
 .text.softdevice_handler_init
                0x000000000007d5fc       0x74 _build/softdevice_handler.o
                0x000000000007d5fc                softdevice_handler_init
 .text.softdevice_sys_evt_handler_set
                0x000000000007d670       0x14 _build/softdevice_handler.o
                0x000000000007d670                softdevice_sys_evt_handler_set
 .text.SWI2_EGU2_IRQHandler
                0x000000000007d684       0x24 _build/softdevice_handler.o
                0x000000000007d684                SWI2_EGU2_IRQHandler
 .text.softdevice_enable_get_default_config
                0x000000000007d6a8       0x2e _build/softdevice_handler.o
                0x000000000007d6a8                softdevice_enable_get_default_config
 *fill*         0x000000000007d6d6        0x2 
 .text.softdevice_enable
                0x000000000007d6d8       0x1c _build/softdevice_handler.o
                0x000000000007d6d8                softdevice_enable
 .text.softdevice_evt_get
                0x000000000007d6f4       0x12 _build/softdevice_handler_appsh.o
                0x000000000007d6f4                softdevice_evt_get
 *fill*         0x000000000007d706        0x2 
 .text.softdevice_evt_schedule
                0x000000000007d708       0x10 _build/softdevice_handler_appsh.o
                0x000000000007d708                softdevice_evt_schedule
 .text          0x000000000007d718       0x3c _build/gcc_startup_nrf52.o
                0x000000000007d718                Reset_Handler
                0x000000000007d740                NMI_Handler
                0x000000000007d742                HardFault_Handler
                0x000000000007d744                MemoryManagement_Handler
                0x000000000007d746                BusFault_Handler
                0x000000000007d748                UsageFault_Handler
                0x000000000007d74a                SVC_Handler
                0x000000000007d74c                DebugMonitor_Handler
                0x000000000007d74e                PendSV_Handler
                0x000000000007d750                SysTick_Handler
                0x000000000007d752                TIMER2_IRQHandler
                0x000000000007d752                RTC0_IRQHandler
                0x000000000007d752                GPIOTE_IRQHandler
                0x000000000007d752                PWM1_IRQHandler
                0x000000000007d752                POWER_CLOCK_IRQHandler
                0x000000000007d752                RADIO_IRQHandler
                0x000000000007d752                PDM_IRQHandler
                0x000000000007d752                TEMP_IRQHandler
                0x000000000007d752                QDEC_IRQHandler
                0x000000000007d752                TIMER3_IRQHandler
                0x000000000007d752                FPU_IRQHandler
                0x000000000007d752                SPIM0_SPIS0_TWIM0_TWIS0_SPI0_TWI0_IRQHandler
                0x000000000007d752                TIMER4_IRQHandler
                0x000000000007d752                I2S_IRQHandler
                0x000000000007d752                SWI4_EGU4_IRQHandler
                0x000000000007d752                TIMER0_IRQHandler
                0x000000000007d752                TIMER1_IRQHandler
                0x000000000007d752                PWM2_IRQHandler
                0x000000000007d752                ECB_IRQHandler
                0x000000000007d752                SPIM1_SPIS1_TWIM1_TWIS1_SPI1_TWI1_IRQHandler
                0x000000000007d752                Default_Handler
                0x000000000007d752                SAADC_IRQHandler
                0x000000000007d752                CCM_AAR_IRQHandler
                0x000000000007d752                WDT_IRQHandler
                0x000000000007d752                SWI5_EGU5_IRQHandler
                0x000000000007d752                RNG_IRQHandler
                0x000000000007d752                RTC2_IRQHandler
                0x000000000007d752                PWM0_IRQHandler
                0x000000000007d752                SWI3_EGU3_IRQHandler
                0x000000000007d752                SWI1_EGU1_IRQHandler
                0x000000000007d752                SPIM2_SPIS2_SPI2_IRQHandler
                0x000000000007d752                NFCT_IRQHandler
                0x000000000007d752                MWU_IRQHandler
                0x000000000007d752                COMP_LPCOMP_IRQHandler
 .text.memcpy   0x000000000007d754       0x16 /usr/bin/../lib/gcc/arm-none-eabi/5.4.1/../../../../arm-none-eabi/lib/armv7e-m/fpu/libc_nano.a(lib_a-memcpy-stub.o)
                0x000000000007d754                memcpy
 *(.init)
 *fill*         0x000000000007d76a        0x2 
 .init          0x000000000007d76c        0x4 /usr/bin/../lib/gcc/arm-none-eabi/5.4.1/armv7e-m/fpu/crti.o
                0x000000000007d76c                _init
 .init          0x000000000007d770        0x8 /usr/bin/../lib/gcc/arm-none-eabi/5.4.1/armv7e-m/fpu/crtn.o
 *(.fini)
 .fini          0x000000000007d778        0x4 /usr/bin/../lib/gcc/arm-none-eabi/5.4.1/armv7e-m/fpu/crti.o
                0x000000000007d778                _fini
 .fini          0x000000000007d77c        0x8 /usr/bin/../lib/gcc/arm-none-eabi/5.4.1/armv7e-m/fpu/crtn.o
 *crtbegin.o(.ctors)
 *crtbegin?.o(.ctors)
 *(EXCLUDE_FILE(*crtend.o *crtend?.o) .ctors)
 *(SORT(.ctors.*))
 *(.ctors)
 *crtbegin.o(.dtors)
 *crtbegin?.o(.dtors)
 *(EXCLUDE_FILE(*crtend.o *crtend?.o) .dtors)
 *(SORT(.dtors.*))
 *(.dtors)
 *(.rodata*)
 .rodata._global_impure_ptr
                0x000000000007d784        0x4 /usr/bin/../lib/gcc/arm-none-eabi/5.4.1/../../../../arm-none-eabi/lib/armv7e-m/fpu/libc_nano.a(lib_a-impure.o)
                0x000000000007d784                _global_impure_ptr
 .rodata.m_dfu_timer_id
                0x000000000007d788        0x4 _build/dfu_dual_bank.o
 .rodata        0x000000000007d78c        0xc _build/hci_slip.o
 .rodata.m_app_timer_id
                0x000000000007d798        0x4 _build/hci_transport.o
 .rodata        0x000000000007d79c       0x20 _build/app_uart.o
 .rodata.m_default_config
                0x000000000007d7bc       0x20 _build/nrf_drv_uart.o
 .rodata        0x000000000007d7dc        0x4 _build/main.o
 *(.eh_frame*)
 .eh_frame      0x000000000007d7e0        0x0 /usr/bin/../lib/gcc/arm-none-eabi/5.4.1/armv7e-m/fpu/crtbegin.o
 .eh_frame      0x000000000007d7e0        0x4 /usr/bin/../lib/gcc/arm-none-eabi/5.4.1/armv7e-m/fpu/crtend.o

.glue_7         0x000000000007d7e4        0x0
 .glue_7        0x000000000007d7e4        0x0 linker stubs

.glue_7t        0x000000000007d7e4        0x0
 .glue_7t       0x000000000007d7e4        0x0 linker stubs

.vfp11_veneer   0x000000000007d7e4        0x0
 .vfp11_veneer  0x000000000007d7e4        0x0 linker stubs

.v4_bx          0x000000000007d7e4        0x0
 .v4_bx         0x000000000007d7e4        0x0 linker stubs

.iplt           0x000000000007d7e4        0x0
 .iplt          0x000000000007d7e4        0x0 /usr/bin/../lib/gcc/arm-none-eabi/5.4.1/armv7e-m/fpu/crtbegin.o

.ARM.extab
 *(.ARM.extab* .gnu.linkonce.armextab.*)
                0x000000000007d7e4                __exidx_start = .

.ARM.exidx      0x000000000007d7e4        0x8
 *(.ARM.exidx* .gnu.linkonce.armexidx.*)
 .ARM.exidx     0x000000000007d7e4        0x8 /usr/bin/../lib/gcc/arm-none-eabi/5.4.1/../../../../arm-none-eabi/lib/armv7e-m/fpu/crt0.o
                0x000000000007d7ec                __exidx_end = .
                0x000000000007d7ec                __etext = .

.rel.dyn        0x000000000007d7ec        0x0
 .rel.iplt      0x000000000007d7ec        0x0 /usr/bin/../lib/gcc/arm-none-eabi/5.4.1/armv7e-m/fpu/crtbegin.o

.data           0x0000000020002c00       0x78 load address 0x000000000007d7ec
                0x0000000020002c00                __data_start__ = .
 *(vtable)
 *(.data*)
 .data.impure_data
                0x0000000020002c00       0x60 /usr/bin/../lib/gcc/arm-none-eabi/5.4.1/../../../../arm-none-eabi/lib/armv7e-m/fpu/libc_nano.a(lib_a-impure.o)
 .data.handle_rx_byte
                0x0000000020002c60        0x4 _build/hci_slip.o
 .data.send_tx_byte
                0x0000000020002c64        0x4 _build/hci_slip.o
                0x0000000020002c64                send_tx_byte
 .data.SystemCoreClock
                0x0000000020002c68        0x4 _build/system_nrf52.o
                0x0000000020002c68                SystemCoreClock
                0x0000000020002c6c                . = ALIGN (0x4)
                0x0000000020002c6c                PROVIDE (__preinit_array_start, .)
 *(.preinit_array)
                0x0000000020002c6c                PROVIDE (__preinit_array_end, .)
                0x0000000020002c6c                . = ALIGN (0x4)
                0x0000000020002c6c                PROVIDE (__init_array_start, .)
 *(SORT(.init_array.*))
 *(.init_array)
 .init_array    0x0000000020002c6c        0x4 /usr/bin/../lib/gcc/arm-none-eabi/5.4.1/armv7e-m/fpu/crtbegin.o
                0x0000000020002c70                PROVIDE (__init_array_end, .)
                0x0000000020002c70                . = ALIGN (0x4)
                [!provide]                        PROVIDE (__fini_array_start, .)
 *(SORT(.fini_array.*))
 *(.fini_array)
 .fini_array    0x0000000020002c70        0x4 /usr/bin/../lib/gcc/arm-none-eabi/5.4.1/armv7e-m/fpu/crtbegin.o
                [!provide]                        PROVIDE (__fini_array_end, .)
 *(.jcr*)
 .jcr           0x0000000020002c74        0x0 /usr/bin/../lib/gcc/arm-none-eabi/5.4.1/armv7e-m/fpu/crtbegin.o
 .jcr           0x0000000020002c74        0x4 /usr/bin/../lib/gcc/arm-none-eabi/5.4.1/armv7e-m/fpu/crtend.o
                0x0000000020002c78                . = ALIGN (0x4)
                0x0000000020002c78                __data_end__ = .

.igot.plt       0x0000000020002c78        0x0 load address 0x000000000007d864
 .igot.plt      0x0000000020002c78        0x0 /usr/bin/../lib/gcc/arm-none-eabi/5.4.1/armv7e-m/fpu/crtbegin.o

.bss            0x0000000020002c78      0xba0 load address 0x000000000007d864
                0x0000000020002c78                . = ALIGN (0x4)
                0x0000000020002c78                __bss_start__ = .
 *(.bss*)
 .bss           0x0000000020002c78       0x1c /usr/bin/../lib/gcc/arm-none-eabi/5.4.1/armv7e-m/fpu/crtbegin.o
 .bss.m_queue_event_headers
                0x0000000020002c94        0x4 _build/app_scheduler.o
 .bss.m_queue_event_data
                0x0000000020002c98        0x4 _build/app_scheduler.o
 .bss.m_queue_event_size
                0x0000000020002c9c        0x2 _build/app_scheduler.o
 .bss.m_queue_start_index
                0x0000000020002c9e        0x1 _build/app_scheduler.o
 .bss.m_queue_end_index
                0x0000000020002c9f        0x1 _build/app_scheduler.o
 .bss.m_queue_size
                0x0000000020002ca0        0x2 _build/app_scheduler.o
 *fill*         0x0000000020002ca2        0x2 
 .bss.m_ticks_latest
                0x0000000020002ca4        0x4 _build/app_timer.o
 .bss.mp_timer_id_head
                0x0000000020002ca8        0x4 _build/app_timer.o
 .bss.m_evt_schedule_func
                0x0000000020002cac        0x4 _build/app_timer.o
 .bss.m_user_array_size
                0x0000000020002cb0        0x1 _build/app_timer.o
 *fill*         0x0000000020002cb1        0x3 
 .bss.mp_users  0x0000000020002cb4        0x4 _build/app_timer.o
 .bss.m_ticks_elapsed_q_read_ind
                0x0000000020002cb8        0x1 _build/app_timer.o
 .bss.m_ticks_elapsed_q_write_ind
                0x0000000020002cb9        0x1 _build/app_timer.o
 .bss.m_rtc1_reset
                0x0000000020002cba        0x1 _build/app_timer.o
 *fill*         0x0000000020002cbb        0x1 
 .bss.m_ticks_elapsed
                0x0000000020002cbc        0x8 _build/app_timer.o
 .bss.m_rtc1_running
                0x0000000020002cc4        0x1 _build/app_timer.o
 *fill*         0x0000000020002cc5        0x3 
 .bss.settings.7633
                0x0000000020002cc8       0x1c _build/bootloader.o
 .bss.m_update_status
                0x0000000020002ce4        0x1 _build/bootloader.o
 *fill*         0x0000000020002ce5        0x3 
 .bss.m_bootsettings_handle
                0x0000000020002ce8        0x8 _build/bootloader.o
 .bss.m_data_pkt_cb
                0x0000000020002cf0        0x4 _build/dfu_dual_bank.o
 .bss.m_init_packet_length
                0x0000000020002cf4        0x1 _build/dfu_dual_bank.o
 *fill*         0x0000000020002cf5        0x1 
 .bss.m_image_crc
                0x0000000020002cf6        0x2 _build/dfu_dual_bank.o
 .bss.m_dfu_state
                0x0000000020002cf8        0x1 _build/dfu_dual_bank.o
 *fill*         0x0000000020002cf9        0x3 
 .bss.m_storage_handle_app
                0x0000000020002cfc        0x8 _build/dfu_dual_bank.o
 .bss.m_dfu_timed_out
                0x0000000020002d04        0x1 _build/dfu_dual_bank.o
 *fill*         0x0000000020002d05        0x3 
 .bss.m_storage_handle_swap
                0x0000000020002d08        0x8 _build/dfu_dual_bank.o
 .bss.m_dfu_timer_id_data
                0x0000000020002d10       0x20 _build/dfu_dual_bank.o
 .bss.m_start_packet
                0x0000000020002d30       0x10 _build/dfu_dual_bank.o
 .bss.m_functions
                0x0000000020002d40        0xc _build/dfu_dual_bank.o
 .bss.m_init_packet
                0x0000000020002d4c       0x80 _build/dfu_dual_bank.o
 .bss.mp_storage_handle_active
                0x0000000020002dcc        0x4 _build/dfu_dual_bank.o
 .bss.m_data_received
                0x0000000020002dd0        0x4 _build/dfu_dual_bank.o
 .bss.m_image_size
                0x0000000020002dd4        0x4 _build/dfu_dual_bank.o
 .bss.m_extended_packet
                0x0000000020002dd8        0xa _build/dfu_init_template.o
 *fill*         0x0000000020002de2        0x2 
 .bss.m_data_queue
                0x0000000020002de4       0x34 _build/dfu_transport_serial.o
 .bss.m_rx_buffer_elem_queue
                0x0000000020002e18      0x4b8 _build/hci_mem_pool.o
 .bss.m_rx_buffer_queue
                0x00000000200032d0       0x1c _build/hci_mem_pool.o
 .bss.m_is_tx_allocated
                0x00000000200032ec        0x1 _build/hci_mem_pool.o
 *fill*         0x00000000200032ed        0x3 
 .bss.m_tx_buffer_index
                0x00000000200032f0        0x4 _build/hci_slip.o
 .bss.m_tx_buffer_length
                0x00000000200032f4        0x4 _build/hci_slip.o
 .bss.m_rx_buffer_length
                0x00000000200032f8        0x4 _build/hci_slip.o
 .bss.m_slip_event_handler
                0x00000000200032fc        0x4 _build/hci_slip.o
 .bss.m_current_state
                0x0000000020003300        0x1 _build/hci_slip.o
 *fill*         0x0000000020003301        0x3 
 .bss.m_rx_received_count
                0x0000000020003304        0x4 _build/hci_slip.o
 .bss.mp_tx_buffer
                0x0000000020003308        0x4 _build/hci_slip.o
 .bss.mp_rx_buffer
                0x000000002000330c        0x4 _build/hci_slip.o
 .bss.m_rx_ack_buffer
                0x0000000020003310        0x5 _build/hci_transport.o
 *fill*         0x0000000020003315        0x3 
 .bss.m_tx_retry_counter
                0x0000000020003318        0x4 _build/hci_transport.o
 .bss.m_tx_state
                0x000000002000331c        0x1 _build/hci_transport.o
 *fill*         0x000000002000331d        0x3 
 .bss.m_transport_tx_done_handle
                0x0000000020003320        0x4 _build/hci_transport.o
 .bss.m_is_slip_decode_ready
                0x0000000020003324        0x1 _build/hci_transport.o
 .bss.m_tx_done_result_code
                0x0000000020003325        0x1 _build/hci_transport.o
 *fill*         0x0000000020003326        0x2 
 .bss.m_packet_expected_seq_number
                0x0000000020003328        0x4 _build/hci_transport.o
 .bss.m_tx_buffer_length
                0x000000002000332c        0x4 _build/hci_transport.o
 .bss.m_app_timer_id_data
                0x0000000020003330       0x20 _build/hci_transport.o
 .bss.m_transport_event_handle
                0x0000000020003350        0x4 _build/hci_transport.o
 .bss.m_packet_transmit_seq_number
                0x0000000020003354        0x4 _build/hci_transport.o
 .bss.ack_packet.7425
                0x0000000020003358        0x4 _build/hci_transport.o
 .bss.mp_slip_used_rx_buffer
                0x000000002000335c        0x4 _build/hci_transport.o
 .bss.mp_tx_buffer
                0x0000000020003360        0x4 _build/hci_transport.o
 .bss.tx_buffer
                0x0000000020003364        0x1 _build/app_uart.o
 *fill*         0x0000000020003365        0x3 
 .bss.m_event_handler
                0x0000000020003368        0x4 _build/app_uart.o
 .bss.rx_buffer
                0x000000002000336c        0x1 _build/app_uart.o
 .bss.rx_done   0x000000002000336d        0x1 _build/app_uart.o
 *fill*         0x000000002000336e        0x2 
 .bss.m_cb      0x0000000020003370       0x20 _build/nrf_drv_uart.o
 .bss.m_cmd_queue
                0x0000000020003390       0xf4 _build/pstorage_raw.o
 .bss.m_app_table
                0x0000000020003484        0xc _build/pstorage_raw.o
 .bss.m_next_app_instance
                0x0000000020003490        0x4 _build/pstorage_raw.o
 .bss.m_round_val
                0x0000000020003494        0x4 _build/pstorage_raw.o
 .bss.APP_SCHED_BUF.9356
                0x0000000020003498      0x150 _build/main.o
 .bss.BLE_EVT_BUFFER.9346
                0x00000000200035e8       0x48 _build/main.o
 .bss.APP_TIMER_BUF.9329
                0x0000000020003630      0x1c8 _build/main.o
 .bss.m_softdevice_enabled
                0x00000000200037f8        0x1 _build/softdevice_handler.o
 *fill*         0x00000000200037f9        0x1 
 .bss.m_ble_evt_buffer_size
                0x00000000200037fa        0x2 _build/softdevice_handler.o
 .bss.mp_ble_evt_buffer
                0x00000000200037fc        0x4 _build/softdevice_handler.o
 .bss.m_sys_evt_handler
                0x0000000020003800        0x4 _build/softdevice_handler.o
 .bss.m_ble_evt_handler
                0x0000000020003804        0x4 _build/softdevice_handler.o
 .bss.m_evt_schedule_func
                0x0000000020003808        0x4 _build/softdevice_handler.o
 *(COMMON)
 COMMON         0x000000002000380c        0xc _build/softdevice_handler.o
                0x000000002000380c                nrf_nvic_state
                0x0000000020003818                . = ALIGN (0x4)
                0x0000000020003818                __bss_end__ = .

.heap           0x0000000020003818        0x0
                0x0000000020003818                __end__ = .
                [!provide]                        PROVIDE (end, .)
 *(.heap*)
 .heap          0x0000000020003818        0x0 _build/gcc_startup_nrf52.o
                0x0000000020003818                __HeapLimit = .

.stack_dummy    0x0000000020003818     0x2000
 *(.stack*)
 .stack         0x0000000020003818     0x2000 _build/gcc_startup_nrf52.o
                0x0000000020007f80                __StackTop = (ORIGIN (RAM) + LENGTH (RAM))
                0x0000000020005f80                __StackLimit = (__StackTop - SIZEOF (.stack_dummy))
                0x0000000020007f80                PROVIDE (__stack, __StackTop)
                0x0000000000000001                ASSERT ((__StackLimit >= __HeapLimit), region RAM overflowed with stack)
OUTPUT(_build/nrf52832_xxaa.out elf32-littlearm)

.ARM.attributes
                0x0000000000000000       0x30
 .ARM.attributes
                0x0000000000000000       0x22 /usr/bin/../lib/gcc/arm-none-eabi/5.4.1/armv7e-m/fpu/crti.o
 .ARM.attributes
                0x0000000000000022       0x34 /usr/bin/../lib/gcc/arm-none-eabi/5.4.1/armv7e-m/fpu/crtbegin.o
 .ARM.attributes
                0x0000000000000056       0x20 /usr/bin/../lib/gcc/arm-none-eabi/5.4.1/../../../../arm-none-eabi/lib/armv7e-m/fpu/crt0.o
 .ARM.attributes
                0x0000000000000076       0x34 /usr/bin/../lib/gcc/arm-none-eabi/5.4.1/../../../../arm-none-eabi/lib/armv7e-m/fpu/libc_nano.a(lib_a-exit.o)
 .ARM.attributes
                0x00000000000000aa       0x34 /usr/bin/../lib/gcc/arm-none-eabi/5.4.1/../../../../arm-none-eabi/lib/armv7e-m/fpu/libc_nano.a(lib_a-impure.o)
 .ARM.attributes
                0x00000000000000de       0x34 /usr/bin/../lib/gcc/arm-none-eabi/5.4.1/../../../../arm-none-eabi/lib/armv7e-m/fpu/libc_nano.a(lib_a-init.o)
 .ARM.attributes
                0x0000000000000112       0x34 /usr/bin/../lib/gcc/arm-none-eabi/5.4.1/../../../../arm-none-eabi/lib/armv7e-m/fpu/libc_nano.a(lib_a-memset.o)
 .ARM.attributes
                0x0000000000000146       0x34 /usr/bin/../lib/gcc/arm-none-eabi/5.4.1/../../../../arm-none-eabi/lib/armv7e-m/fpu/libnosys.a(_exit.o)
 .ARM.attributes
                0x000000000000017a       0x39 _build/app_error.o
 .ARM.attributes
                0x00000000000001b3       0x39 _build/app_error_weak.o
 .ARM.attributes
                0x00000000000001ec       0x39 _build/app_scheduler.o
 .ARM.attributes
                0x0000000000000225       0x39 _build/app_timer.o
 .ARM.attributes
                0x000000000000025e       0x39 _build/app_timer_appsh.o
 .ARM.attributes
                0x0000000000000297       0x39 _build/app_util_platform.o
 .ARM.attributes
                0x00000000000002d0       0x39 _build/bootloader.o
 .ARM.attributes
                0x0000000000000309       0x39 _build/bootloader_settings.o
 .ARM.attributes
                0x0000000000000342       0x39 _build/bootloader_util.o
 .ARM.attributes
                0x000000000000037b       0x39 _build/crc16.o
 .ARM.attributes
                0x00000000000003b4       0x39 _build/dfu_dual_bank.o
 .ARM.attributes
                0x00000000000003ed       0x39 _build/dfu_init_template.o
 .ARM.attributes
                0x0000000000000426       0x39 _build/dfu_transport_serial.o
 .ARM.attributes
                0x000000000000045f       0x39 _build/hci_mem_pool.o
 .ARM.attributes
                0x0000000000000498       0x39 _build/hci_slip.o
 .ARM.attributes
                0x00000000000004d1       0x39 _build/hci_transport.o
 .ARM.attributes
                0x000000000000050a       0x39 _build/app_uart.o
 .ARM.attributes
                0x0000000000000543       0x39 _build/nrf_delay.o
 .ARM.attributes
                0x000000000000057c       0x39 _build/nrf_drv_common.o
 .ARM.attributes
                0x00000000000005b5       0x39 _build/nrf_drv_uart.o
 .ARM.attributes
                0x00000000000005ee       0x39 _build/pstorage_raw.o
 .ARM.attributes
                0x0000000000000627       0x39 _build/main.o
 .ARM.attributes
                0x0000000000000660       0x39 _build/system_nrf52.o
 .ARM.attributes
                0x0000000000000699       0x39 _build/softdevice_handler.o
 .ARM.attributes
                0x00000000000006d2       0x39 _build/softdevice_handler_appsh.o
 .ARM.attributes
                0x000000000000070b       0x1c _build/gcc_startup_nrf52.o
 .ARM.attributes
                0x0000000000000727       0x34 /usr/bin/../lib/gcc/arm-none-eabi/5.4.1/../../../../arm-none-eabi/lib/armv7e-m/fpu/libc_nano.a(lib_a-memcpy-stub.o)
 .ARM.attributes
                0x000000000000075b       0x34 /usr/bin/../lib/gcc/arm-none-eabi/5.4.1/armv7e-m/fpu/crtend.o
 .ARM.attributes
                0x000000000000078f       0x22 /usr/bin/../lib/gcc/arm-none-eabi/5.4.1/armv7e-m/fpu/crtn.o

.comment        0x0000000000000000       0x6e
 .comment       0x0000000000000000       0x6e _build/app_error.o
                                         0x6f (size before relaxing)
 .comment       0x000000000000006e       0x6f _build/app_error_weak.o
 .comment       0x000000000000006e       0x6f _build/app_scheduler.o
 .comment       0x000000000000006e       0x6f _build/app_timer.o
 .comment       0x000000000000006e       0x6f _build/app_timer_appsh.o
 .comment       0x000000000000006e       0x6f _build/app_util_platform.o
 .comment       0x000000000000006e       0x6f _build/bootloader.o
 .comment       0x000000000000006e       0x6f _build/bootloader_settings.o
 .comment       0x000000000000006e       0x6f _build/bootloader_util.o
 .comment       0x000000000000006e       0x6f _build/crc16.o
 .comment       0x000000000000006e       0x6f _build/dfu_dual_bank.o
 .comment       0x000000000000006e       0x6f _build/dfu_init_template.o
 .comment       0x000000000000006e       0x6f _build/dfu_transport_serial.o
 .comment       0x000000000000006e       0x6f _build/hci_mem_pool.o
 .comment       0x000000000000006e       0x6f _build/hci_slip.o
 .comment       0x000000000000006e       0x6f _build/hci_transport.o
 .comment       0x000000000000006e       0x6f _build/app_uart.o
 .comment       0x000000000000006e       0x6f _build/nrf_delay.o
 .comment       0x000000000000006e       0x6f _build/nrf_drv_common.o
 .comment       0x000000000000006e       0x6f _build/nrf_drv_uart.o
 .comment       0x000000000000006e       0x6f _build/pstorage_raw.o
 .comment       0x000000000000006e       0x6f _build/main.o
 .comment       0x000000000000006e       0x6f _build/system_nrf52.o
 .comment       0x000000000000006e       0x6f _build/softdevice_handler.o
 .comment       0x000000000000006e       0x6f _build/softdevice_handler_appsh.o

.debug_frame    0x0000000000000000     0x1360
 .debug_frame   0x0000000000000000       0x28 /usr/bin/../lib/gcc/arm-none-eabi/5.4.1/../../../../arm-none-eabi/lib/armv7e-m/fpu/libc_nano.a(lib_a-exit.o)
 .debug_frame   0x0000000000000028       0x2c /usr/bin/../lib/gcc/arm-none-eabi/5.4.1/../../../../arm-none-eabi/lib/armv7e-m/fpu/libc_nano.a(lib_a-init.o)
 .debug_frame   0x0000000000000054       0x20 /usr/bin/../lib/gcc/arm-none-eabi/5.4.1/../../../../arm-none-eabi/lib/armv7e-m/fpu/libc_nano.a(lib_a-memset.o)
 .debug_frame   0x0000000000000074       0x20 /usr/bin/../lib/gcc/arm-none-eabi/5.4.1/../../../../arm-none-eabi/lib/armv7e-m/fpu/libnosys.a(_exit.o)
 .debug_frame   0x0000000000000094       0x58 _build/app_error.o
 .debug_frame   0x00000000000000ec       0x20 _build/app_error_weak.o
 .debug_frame   0x000000000000010c       0x70 _build/app_scheduler.o
 .debug_frame   0x000000000000017c      0x144 _build/app_timer.o
 .debug_frame   0x00000000000002c0       0x44 _build/app_timer_appsh.o
 .debug_frame   0x0000000000000304       0x64 _build/app_util_platform.o
 .debug_frame   0x0000000000000368      0x18c _build/bootloader.o
 .debug_frame   0x00000000000004f4       0x20 _build/bootloader_settings.o
 .debug_frame   0x0000000000000514       0x30 _build/bootloader_util.o
 .debug_frame   0x0000000000000544       0x20 _build/crc16.o
 .debug_frame   0x0000000000000564      0x2f0 _build/dfu_dual_bank.o
 .debug_frame   0x0000000000000854       0x44 _build/dfu_init_template.o
 .debug_frame   0x0000000000000898       0xb4 _build/dfu_transport_serial.o
 .debug_frame   0x000000000000094c       0xb8 _build/hci_mem_pool.o
 .debug_frame   0x0000000000000a04      0x188 _build/hci_slip.o
 .debug_frame   0x0000000000000b8c      0x198 _build/hci_transport.o
 .debug_frame   0x0000000000000d24       0xa0 _build/app_uart.o
 .debug_frame   0x0000000000000dc4       0x28 _build/nrf_delay.o
 .debug_frame   0x0000000000000dec       0x20 _build/nrf_drv_common.o
 .debug_frame   0x0000000000000e0c      0x160 _build/nrf_drv_uart.o
 .debug_frame   0x0000000000000f6c      0x118 _build/pstorage_raw.o
 .debug_frame   0x0000000000001084       0xac _build/main.o
 .debug_frame   0x0000000000001130       0x58 _build/system_nrf52.o
 .debug_frame   0x0000000000001188      0x174 _build/softdevice_handler.o
 .debug_frame   0x00000000000012fc       0x3c _build/softdevice_handler_appsh.o
 .debug_frame   0x0000000000001338       0x28 /usr/bin/../lib/gcc/arm-none-eabi/5.4.1/../../../../arm-none-eabi/lib/armv7e-m/fpu/libc_nano.a(lib_a-memcpy-stub.o)

.debug_info     0x0000000000000000    0x11e54
 .debug_info    0x0000000000000000      0x34f _build/app_error.o
 .debug_info    0x000000000000034f      0x32a _build/app_error_weak.o
 .debug_info    0x0000000000000679      0x552 _build/app_scheduler.o
 .debug_info    0x0000000000000bcb     0x1bc1 _build/app_timer.o
 .debug_info    0x000000000000278c      0x21d _build/app_timer_appsh.o
 .debug_info    0x00000000000029a9      0x629 _build/app_util_platform.o
 .debug_info    0x0000000000002fd2      0xf15 _build/bootloader.o
 .debug_info    0x0000000000003ee7      0x241 _build/bootloader_settings.o
 .debug_info    0x0000000000004128       0xe2 _build/bootloader_util.o
 .debug_info    0x000000000000420a      0x13f _build/crc16.o
 .debug_info    0x0000000000004349     0x1650 _build/dfu_dual_bank.o
 .debug_info    0x0000000000005999      0x2eb _build/dfu_init_template.o
 .debug_info    0x0000000000005c84      0x890 _build/dfu_transport_serial.o
 .debug_info    0x0000000000006514      0x372 _build/hci_mem_pool.o
 .debug_info    0x0000000000006886      0x8d0 _build/hci_slip.o
 .debug_info    0x0000000000007156     0x1172 _build/hci_transport.o
 .debug_info    0x00000000000082c8      0x876 _build/app_uart.o
 .debug_info    0x0000000000008b3e      0x132 _build/nrf_delay.o
 .debug_info    0x0000000000008c70      0x627 _build/nrf_drv_common.o
 .debug_info    0x0000000000009297     0x3578 _build/nrf_drv_uart.o
 .debug_info    0x000000000000c80f      0xd5e _build/pstorage_raw.o
 .debug_info    0x000000000000d56d     0x17eb _build/main.o
 .debug_info    0x000000000000ed58      0xd97 _build/system_nrf52.o
 .debug_info    0x000000000000faef     0x21b6 _build/softdevice_handler.o
 .debug_info    0x0000000000011ca5      0x1af _build/softdevice_handler_appsh.o

.debug_abbrev   0x0000000000000000     0x3999
 .debug_abbrev  0x0000000000000000      0x13a _build/app_error.o
 .debug_abbrev  0x000000000000013a      0x13a _build/app_error_weak.o
 .debug_abbrev  0x0000000000000274      0x231 _build/app_scheduler.o
 .debug_abbrev  0x00000000000004a5      0x429 _build/app_timer.o
 .debug_abbrev  0x00000000000008ce      0x133 _build/app_timer_appsh.o
 .debug_abbrev  0x0000000000000a01      0x22b _build/app_util_platform.o
 .debug_abbrev  0x0000000000000c2c      0x3cc _build/bootloader.o
 .debug_abbrev  0x0000000000000ff8      0x100 _build/bootloader_settings.o
 .debug_abbrev  0x00000000000010f8       0x95 _build/bootloader_util.o
 .debug_abbrev  0x000000000000118d       0x8b _build/crc16.o
 .debug_abbrev  0x0000000000001218      0x407 _build/dfu_dual_bank.o
 .debug_abbrev  0x000000000000161f      0x164 _build/dfu_init_template.o
 .debug_abbrev  0x0000000000001783      0x2aa _build/dfu_transport_serial.o
 .debug_abbrev  0x0000000000001a2d      0x116 _build/hci_mem_pool.o
 .debug_abbrev  0x0000000000001b43      0x2f2 _build/hci_slip.o
 .debug_abbrev  0x0000000000001e35      0x393 _build/hci_transport.o
 .debug_abbrev  0x00000000000021c8      0x216 _build/app_uart.o
 .debug_abbrev  0x00000000000023de       0xd0 _build/nrf_delay.o
 .debug_abbrev  0x00000000000024ae      0x19c _build/nrf_drv_common.o
 .debug_abbrev  0x000000000000264a      0x460 _build/nrf_drv_uart.o
 .debug_abbrev  0x0000000000002aaa      0x336 _build/pstorage_raw.o
 .debug_abbrev  0x0000000000002de0      0x3c2 _build/main.o
 .debug_abbrev  0x00000000000031a2      0x20b _build/system_nrf52.o
 .debug_abbrev  0x00000000000033ad      0x4d8 _build/softdevice_handler.o
 .debug_abbrev  0x0000000000003885      0x114 _build/softdevice_handler_appsh.o

.debug_loc      0x0000000000000000     0x6201
 .debug_loc     0x0000000000000000      0x130 _build/app_error.o
 .debug_loc     0x0000000000000130       0x42 _build/app_error_weak.o
 .debug_loc     0x0000000000000172      0x292 _build/app_scheduler.o
 .debug_loc     0x0000000000000404      0xc8b _build/app_timer.o
 .debug_loc     0x000000000000108f      0x108 _build/app_timer_appsh.o
 .debug_loc     0x0000000000001197       0x39 _build/app_util_platform.o
 .debug_loc     0x00000000000011d0      0x40d _build/bootloader.o
 .debug_loc     0x00000000000015dd       0x31 _build/bootloader_util.o
 .debug_loc     0x000000000000160e       0xd3 _build/crc16.o
 .debug_loc     0x00000000000016e1      0xb98 _build/dfu_dual_bank.o
 .debug_loc     0x0000000000002279      0x150 _build/dfu_init_template.o
 .debug_loc     0x00000000000023c9      0x391 _build/dfu_transport_serial.o
 .debug_loc     0x000000000000275a      0x2a2 _build/hci_mem_pool.o
 .debug_loc     0x00000000000029fc      0x224 _build/hci_slip.o
 .debug_loc     0x0000000000002c20      0x94f _build/hci_transport.o
 .debug_loc     0x000000000000356f      0x23c _build/app_uart.o
 .debug_loc     0x00000000000037ab       0x37 _build/nrf_delay.o
 .debug_loc     0x00000000000037e2       0x7e _build/nrf_drv_common.o
 .debug_loc     0x0000000000003860     0x192b _build/nrf_drv_uart.o
 .debug_loc     0x000000000000518b      0x88a _build/pstorage_raw.o
 .debug_loc     0x0000000000005a15      0x322 _build/main.o
 .debug_loc     0x0000000000005d37      0x457 _build/softdevice_handler.o
 .debug_loc     0x000000000000618e       0x73 _build/softdevice_handler_appsh.o

.debug_aranges  0x0000000000000000      0x7d8
 .debug_aranges
                0x0000000000000000       0x30 _build/app_error.o
 .debug_aranges
                0x0000000000000030       0x20 _build/app_error_weak.o
 .debug_aranges
                0x0000000000000050       0x30 _build/app_scheduler.o
 .debug_aranges
                0x0000000000000080       0x78 _build/app_timer.o
 .debug_aranges
                0x00000000000000f8       0x28 _build/app_timer_appsh.o
 .debug_aranges
                0x0000000000000120       0x38 _build/app_util_platform.o
 .debug_aranges
                0x0000000000000158       0x90 _build/bootloader.o
 .debug_aranges
                0x00000000000001e8       0x20 _build/bootloader_settings.o
 .debug_aranges
                0x0000000000000208       0x20 _build/bootloader_util.o
 .debug_aranges
                0x0000000000000228       0x20 _build/crc16.o
 .debug_aranges
                0x0000000000000248       0xe8 _build/dfu_dual_bank.o
 .debug_aranges
                0x0000000000000330       0x28 _build/dfu_init_template.o
 .debug_aranges
                0x0000000000000358       0x48 _build/dfu_transport_serial.o
 .debug_aranges
                0x00000000000003a0       0x58 _build/hci_mem_pool.o
 .debug_aranges
                0x00000000000003f8       0x90 _build/hci_slip.o
 .debug_aranges
                0x0000000000000488       0x80 _build/hci_transport.o
 .debug_aranges
                0x0000000000000508       0x48 _build/app_uart.o
 .debug_aranges
                0x0000000000000550       0x20 _build/nrf_delay.o
 .debug_aranges
                0x0000000000000570       0x20 _build/nrf_drv_common.o
 .debug_aranges
                0x0000000000000590       0x90 _build/nrf_drv_uart.o
 .debug_aranges
                0x0000000000000620       0x70 _build/pstorage_raw.o
 .debug_aranges
                0x0000000000000690       0x50 _build/main.o
 .debug_aranges
                0x00000000000006e0       0x38 _build/system_nrf52.o
 .debug_aranges
                0x0000000000000718       0x98 _build/softdevice_handler.o
 .debug_aranges
                0x00000000000007b0       0x28 _build/softdevice_handler_appsh.o

.debug_ranges   0x0000000000000000     0x1038
 .debug_ranges  0x0000000000000000       0x20 _build/app_error.o
 .debug_ranges  0x0000000000000020       0x10 _build/app_error_weak.o
 .debug_ranges  0x0000000000000030       0xc8 _build/app_scheduler.o
 .debug_ranges  0x00000000000000f8      0x2e8 _build/app_timer.o
 .debug_ranges  0x00000000000003e0       0x30 _build/app_timer_appsh.o
 .debug_ranges  0x0000000000000410       0x28 _build/app_util_platform.o
 .debug_ranges  0x0000000000000438       0x98 _build/bootloader.o
 .debug_ranges  0x00000000000004d0       0x10 _build/bootloader_settings.o
 .debug_ranges  0x00000000000004e0       0x10 _build/bootloader_util.o
 .debug_ranges  0x00000000000004f0       0x10 _build/crc16.o
 .debug_ranges  0x0000000000000500      0x180 _build/dfu_dual_bank.o
 .debug_ranges  0x0000000000000680       0x18 _build/dfu_init_template.o
 .debug_ranges  0x0000000000000698       0x90 _build/dfu_transport_serial.o
 .debug_ranges  0x0000000000000728       0x48 _build/hci_mem_pool.o
 .debug_ranges  0x0000000000000770       0x98 _build/hci_slip.o
 .debug_ranges  0x0000000000000808      0x180 _build/hci_transport.o
 .debug_ranges  0x0000000000000988       0x38 _build/app_uart.o
 .debug_ranges  0x00000000000009c0       0x10 _build/nrf_delay.o
 .debug_ranges  0x00000000000009d0       0x40 _build/nrf_drv_common.o
 .debug_ranges  0x0000000000000a10      0x368 _build/nrf_drv_uart.o
 .debug_ranges  0x0000000000000d78       0xd0 _build/pstorage_raw.o
 .debug_ranges  0x0000000000000e48       0x88 _build/main.o
 .debug_ranges  0x0000000000000ed0       0x28 _build/system_nrf52.o
 .debug_ranges  0x0000000000000ef8      0x128 _build/softdevice_handler.o
 .debug_ranges  0x0000000000001020       0x18 _build/softdevice_handler_appsh.o

.debug_macro    0x0000000000000000    0x1ae0a
 .debug_macro   0x0000000000000000      0x299 _build/app_error.o
 .debug_macro   0x0000000000000299      0x910 _build/app_error.o
 .debug_macro   0x0000000000000ba9       0x1c _build/app_error.o
 .debug_macro   0x0000000000000bc5       0x2d _build/app_error.o
 .debug_macro   0x0000000000000bf2       0x22 _build/app_error.o
 .debug_macro   0x0000000000000c14       0x87 _build/app_error.o
 .debug_macro   0x0000000000000c9b       0x44 _build/app_error.o
 .debug_macro   0x0000000000000cdf       0xfd _build/app_error.o
 .debug_macro   0x0000000000000ddc       0x5e _build/app_error.o
 .debug_macro   0x0000000000000e3a      0x1df _build/app_error.o
 .debug_macro   0x0000000000001019       0x35 _build/app_error.o
 .debug_macro   0x000000000000104e       0x50 _build/app_error.o
 .debug_macro   0x000000000000109e      0xe66 _build/app_error.o
 .debug_macro   0x0000000000001f04      0x3a0 _build/app_error.o
 .debug_macro   0x00000000000022a4    0x10245 _build/app_error.o
 .debug_macro   0x00000000000124e9     0x12c7 _build/app_error.o
 .debug_macro   0x00000000000137b0       0x7c _build/app_error.o
 .debug_macro   0x000000000001382c       0x1c _build/app_error.o
 .debug_macro   0x0000000000013848       0x52 _build/app_error.o
 .debug_macro   0x000000000001389a       0x35 _build/app_error.o
 .debug_macro   0x00000000000138cf       0x9c _build/app_error.o
 .debug_macro   0x000000000001396b       0x16 _build/app_error.o
 .debug_macro   0x0000000000013981       0x97 _build/app_error.o
 .debug_macro   0x0000000000013a18      0x330 _build/app_error.o
 .debug_macro   0x0000000000013d48       0xf6 _build/app_error.o
 .debug_macro   0x0000000000013e3e       0x10 _build/app_error.o
 .debug_macro   0x0000000000013e4e       0x52 _build/app_error.o
 .debug_macro   0x0000000000013ea0       0x1f _build/app_error.o
 .debug_macro   0x0000000000013ebf       0x43 _build/app_error.o
 .debug_macro   0x0000000000013f02       0x20 _build/app_error.o
 .debug_macro   0x0000000000013f22      0x187 _build/app_error.o
 .debug_macro   0x00000000000140a9       0x10 _build/app_error.o
 .debug_macro   0x00000000000140b9       0x1c _build/app_error.o
 .debug_macro   0x00000000000140d5       0x52 _build/app_error.o
 .debug_macro   0x0000000000014127       0x40 _build/app_error.o
 .debug_macro   0x0000000000014167       0x10 _build/app_error.o
 .debug_macro   0x0000000000014177       0x40 _build/app_error.o
 .debug_macro   0x00000000000141b7       0xd7 _build/app_error.o
 .debug_macro   0x000000000001428e       0x16 _build/app_error.o
 .debug_macro   0x00000000000142a4      0x18b _build/app_error.o
 .debug_macro   0x000000000001442f       0x22 _build/app_error.o
 .debug_macro   0x0000000000014451       0x9a _build/app_error.o
 .debug_macro   0x00000000000144eb       0x70 _build/app_error.o
 .debug_macro   0x000000000001455b      0x11e _build/app_error.o
 .debug_macro   0x0000000000014679       0x4c _build/app_error.o
 .debug_macro   0x00000000000146c5       0x67 _build/app_error.o
 .debug_macro   0x000000000001472c       0xbb _build/app_error.o
 .debug_macro   0x00000000000147e7       0x2b _build/app_error.o
 .debug_macro   0x0000000000014812      0x293 _build/app_error_weak.o
 .debug_macro   0x0000000000014aa5       0x3b _build/app_error_weak.o
 .debug_macro   0x0000000000014ae0      0x35e _build/app_scheduler.o
 .debug_macro   0x0000000000014e3e       0x16 _build/app_scheduler.o
 .debug_macro   0x0000000000014e54       0x16 _build/app_scheduler.o
 .debug_macro   0x0000000000014e6a       0x35 _build/app_scheduler.o
 .debug_macro   0x0000000000014e9f       0x16 _build/app_scheduler.o
 .debug_macro   0x0000000000014eb5       0x29 _build/app_scheduler.o
 .debug_macro   0x0000000000014ede       0x16 _build/app_scheduler.o
 .debug_macro   0x0000000000014ef4       0x16 _build/app_scheduler.o
 .debug_macro   0x0000000000014f0a       0x40 _build/app_scheduler.o
 .debug_macro   0x0000000000014f4a       0x64 _build/app_scheduler.o
 .debug_macro   0x0000000000014fae       0x2e _build/app_scheduler.o
 .debug_macro   0x0000000000014fdc       0x60 _build/app_scheduler.o
 .debug_macro   0x000000000001503c      0x3c7 _build/app_timer.o
 .debug_macro   0x0000000000015403       0x41 _build/app_timer.o
 .debug_macro   0x0000000000015444       0x22 _build/app_timer.o
 .debug_macro   0x0000000000015466       0x37 _build/app_timer.o
 .debug_macro   0x000000000001549d       0x16 _build/app_timer.o
 .debug_macro   0x00000000000154b3      0x2ba _build/app_timer_appsh.o
 .debug_macro   0x000000000001576d       0x10 _build/app_timer_appsh.o
 .debug_macro   0x000000000001577d       0x1c _build/app_timer_appsh.o
 .debug_macro   0x0000000000015799      0x2e0 _build/app_util_platform.o
 .debug_macro   0x0000000000015a79       0x28 _build/app_util_platform.o
 .debug_macro   0x0000000000015aa1       0x6d _build/app_util_platform.o
 .debug_macro   0x0000000000015b0e      0x3b5 _build/bootloader.o
 .debug_macro   0x0000000000015ec3       0x16 _build/bootloader.o
 .debug_macro   0x0000000000015ed9       0x1c _build/bootloader.o
 .debug_macro   0x0000000000015ef5       0x8e _build/bootloader.o
 .debug_macro   0x0000000000015f83       0x16 _build/bootloader.o
 .debug_macro   0x0000000000015f99       0xa6 _build/bootloader.o
 .debug_macro   0x000000000001603f       0x4c _build/bootloader.o
 .debug_macro   0x000000000001608b       0x1c _build/bootloader.o
 .debug_macro   0x00000000000160a7      0x17b _build/bootloader_settings.o
 .debug_macro   0x0000000000016222      0x12e _build/bootloader_util.o
 .debug_macro   0x0000000000016350      0x16d _build/bootloader_util.o
 .debug_macro   0x00000000000164bd       0x10 _build/bootloader_util.o
 .debug_macro   0x00000000000164cd      0x132 _build/crc16.o
 .debug_macro   0x00000000000165ff      0x10e _build/crc16.o
 .debug_macro   0x000000000001670d       0x86 _build/crc16.o
 .debug_macro   0x0000000000016793      0x389 _build/dfu_dual_bank.o
 .debug_macro   0x0000000000016b1c       0x34 _build/dfu_dual_bank.o
 .debug_macro   0x0000000000016b50       0x47 _build/dfu_dual_bank.o
 .debug_macro   0x0000000000016b97       0x34 _build/dfu_dual_bank.o
 .debug_macro   0x0000000000016bcb      0x249 _build/dfu_init_template.o
 .debug_macro   0x0000000000016e14       0x2e _build/dfu_init_template.o
 .debug_macro   0x0000000000016e42      0x362 _build/dfu_transport_serial.o
 .debug_macro   0x00000000000171a4      0x1cb _build/hci_mem_pool.o
 .debug_macro   0x000000000001736f       0x1c _build/hci_mem_pool.o
 .debug_macro   0x000000000001738b      0x376 _build/hci_slip.o
 .debug_macro   0x0000000000017701      0x280 _build/hci_slip.o
 .debug_macro   0x0000000000017981       0x22 _build/hci_slip.o
 .debug_macro   0x00000000000179a3       0x34 _build/hci_slip.o
 .debug_macro   0x00000000000179d7       0x1c _build/hci_slip.o
 .debug_macro   0x00000000000179f3       0x17 _build/hci_slip.o
 .debug_macro   0x0000000000017a0a      0x3a1 _build/hci_transport.o
 .debug_macro   0x0000000000017dab       0x76 _build/hci_transport.o
 .debug_macro   0x0000000000017e21      0x37f _build/app_uart.o
 .debug_macro   0x00000000000181a0      0x186 _build/app_uart.o
 .debug_macro   0x0000000000018326       0x10 _build/app_uart.o
 .debug_macro   0x0000000000018336      0x233 _build/nrf_delay.o
 .debug_macro   0x0000000000018569       0x4c _build/nrf_delay.o
 .debug_macro   0x00000000000185b5       0x8d _build/nrf_delay.o
 .debug_macro   0x0000000000018642       0x4a _build/nrf_delay.o
 .debug_macro   0x000000000001868c      0x316 _build/nrf_drv_common.o
 .debug_macro   0x00000000000189a2      0x379 _build/nrf_drv_uart.o
 .debug_macro   0x0000000000018d1b       0x10 _build/nrf_drv_uart.o
 .debug_macro   0x0000000000018d2b       0x10 _build/nrf_drv_uart.o
 .debug_macro   0x0000000000018d3b      0x324 _build/pstorage_raw.o
 .debug_macro   0x000000000001905f       0x46 _build/pstorage_raw.o
 .debug_macro   0x00000000000190a5      0x4a8 _build/main.o
 .debug_macro   0x000000000001954d       0xd6 _build/main.o
 .debug_macro   0x0000000000019623      0x1fb _build/main.o
 .debug_macro   0x000000000001981e      0x3fa _build/main.o
 .debug_macro   0x0000000000019c18       0x40 _build/main.o
 .debug_macro   0x0000000000019c58       0x22 _build/main.o
 .debug_macro   0x0000000000019c7a      0x201 _build/main.o
 .debug_macro   0x0000000000019e7b       0x1c _build/main.o
 .debug_macro   0x0000000000019e97       0xdb _build/main.o
 .debug_macro   0x0000000000019f72       0x24 _build/main.o
 .debug_macro   0x0000000000019f96       0xa6 _build/main.o
 .debug_macro   0x000000000001a03c       0x4c _build/main.o
 .debug_macro   0x000000000001a088       0x16 _build/main.o
 .debug_macro   0x000000000001a09e       0x10 _build/main.o
 .debug_macro   0x000000000001a0ae      0x401 _build/main.o
 .debug_macro   0x000000000001a4af       0x22 _build/main.o
 .debug_macro   0x000000000001a4d1       0xf5 _build/system_nrf52.o
 .debug_macro   0x000000000001a5c6      0x455 _build/softdevice_handler.o
 .debug_macro   0x000000000001aa1b       0x10 _build/softdevice_handler.o
 .debug_macro   0x000000000001aa2b       0x10 _build/softdevice_handler.o
 .debug_macro   0x000000000001aa3b      0x3cf _build/softdevice_handler_appsh.o

.debug_line     0x0000000000000000     0xe056
 .debug_line    0x0000000000000000      0x679 _build/app_error.o
 .debug_line    0x0000000000000679      0x645 _build/app_error_weak.o
 .debug_line    0x0000000000000cbe      0x819 _build/app_scheduler.o
 .debug_line    0x00000000000014d7      0xc20 _build/app_timer.o
 .debug_line    0x00000000000020f7      0x79a _build/app_timer_appsh.o
 .debug_line    0x0000000000002891      0x70d _build/app_util_platform.o
 .debug_line    0x0000000000002f9e      0xd68 _build/bootloader.o
 .debug_line    0x0000000000003d06      0x697 _build/bootloader_settings.o
 .debug_line    0x000000000000439d      0x28a _build/bootloader_util.o
 .debug_line    0x0000000000004627      0x273 _build/crc16.o
 .debug_line    0x000000000000489a      0xdee _build/dfu_dual_bank.o
 .debug_line    0x0000000000005688      0x7ff _build/dfu_init_template.o
 .debug_line    0x0000000000005e87      0xab9 _build/dfu_transport_serial.o
 .debug_line    0x0000000000006940      0x520 _build/hci_mem_pool.o
 .debug_line    0x0000000000006e60      0xb3a _build/hci_slip.o
 .debug_line    0x000000000000799a      0xcf9 _build/hci_transport.o
 .debug_line    0x0000000000008693      0xaa2 _build/app_uart.o
 .debug_line    0x0000000000009135      0x53e _build/nrf_delay.o
 .debug_line    0x0000000000009673      0x8b0 _build/nrf_drv_common.o
 .debug_line    0x0000000000009f23      0xfb0 _build/nrf_drv_uart.o
 .debug_line    0x000000000000aed3      0x934 _build/pstorage_raw.o
 .debug_line    0x000000000000b807      0xf09 _build/main.o
 .debug_line    0x000000000000c710      0x46d _build/system_nrf52.o
 .debug_line    0x000000000000cb7d      0xbb7 _build/softdevice_handler.o
 .debug_line    0x000000000000d734      0x922 _build/softdevice_handler_appsh.o

.debug_str      0x0000000000000000    0x8389b
 .debug_str     0x0000000000000000    0x70ea9 _build/app_error.o
                                      0x719d1 (size before relaxing)
 .debug_str     0x0000000000070ea9      0x113 _build/app_error_weak.o
                                      0x7194b (size before relaxing)
 .debug_str     0x0000000000070fbc      0xfe8 _build/app_scheduler.o
                                      0x7288f (size before relaxing)
 .debug_str     0x0000000000071fa4     0x1420 _build/app_timer.o
                                      0x739ea (size before relaxing)
 .debug_str     0x00000000000733c4      0x1d5 _build/app_timer_appsh.o
                                      0x71f76 (size before relaxing)
 .debug_str     0x0000000000073599      0x17d _build/app_util_platform.o
                                      0x72780 (size before relaxing)
 .debug_str     0x0000000000073716     0x17b7 _build/bootloader.o
                                      0x73ef3 (size before relaxing)
 .debug_str     0x0000000000074ecd      0x11f _build/bootloader_settings.o
                                      0x6e074 (size before relaxing)
 .debug_str     0x0000000000074fec       0xc4 _build/bootloader_util.o
                                       0x60dd (size before relaxing)
 .debug_str     0x00000000000750b0       0x90 _build/crc16.o
                                       0x613c (size before relaxing)
 .debug_str     0x0000000000075140      0x9ea _build/dfu_dual_bank.o
                                      0x74048 (size before relaxing)
 .debug_str     0x0000000000075b2a      0x1cd _build/dfu_init_template.o
                                      0x70beb (size before relaxing)
 .debug_str     0x0000000000075cf7      0x56a _build/dfu_transport_serial.o
                                      0x7346f (size before relaxing)
 .debug_str     0x0000000000076261      0x287 _build/hci_mem_pool.o
                                       0x78eb (size before relaxing)
 .debug_str     0x00000000000764e8     0x1483 _build/hci_slip.o
                                      0x73921 (size before relaxing)
 .debug_str     0x000000000007796b      0x78e _build/hci_transport.o
                                      0x737e3 (size before relaxing)
 .debug_str     0x00000000000780f9      0xc85 _build/app_uart.o
                                      0x737a7 (size before relaxing)
 .debug_str     0x0000000000078d7e       0xa3 _build/nrf_delay.o
                                      0x701c7 (size before relaxing)
 .debug_str     0x0000000000078e21       0xee _build/nrf_drv_common.o
                                      0x72cbb (size before relaxing)
 .debug_str     0x0000000000078f0f     0x1305 _build/nrf_drv_uart.o
                                      0x74678 (size before relaxing)
 .debug_str     0x000000000007a214      0x4bd _build/pstorage_raw.o
                                      0x72c82 (size before relaxing)
 .debug_str     0x000000000007a6d1     0x7ce0 _build/main.o
                                      0x7c226 (size before relaxing)
 .debug_str     0x00000000000823b1      0x2e4 _build/system_nrf52.o
                                      0x6c997 (size before relaxing)
 .debug_str     0x0000000000082695     0x1123 _build/softdevice_handler.o
                                      0x7ba44 (size before relaxing)
 .debug_str     0x00000000000837b8       0xe3 _build/softdevice_handler_appsh.o
                                      0x795f0 (size before relaxing)
